minishell$ echo hello {$USER} from {$PWD}
hello {vlad} from {/home/vlad/42/ft_minishell/test}
minishell$ exit
