minishell$ echo hello 42
hello 42
minishell$ exit
