minishell$ echo 'hello {$USER} from {$PWD}'
hello {$USER} from {$PWD}
minishell$ exit
