minishell$ ls | grep minishell > outfile | cat outfile 
minishell$ exit
